{
	"freelance": {
			"id": 42,
			"computedSkills": [
					{
							"id": 241,
							"name": "React",
							"durationInMonths": 28
					},
					{
							"id": 270,
							"name": "Node.js",
							"durationInMonths": 28
					},
					{
							"id": 370,
							"name": "Javascript",
							"durationInMonths": 60
					},
					{
							"id": 400,
							"name": "Java",
							"durationInMonths": 40
					},
					{
							"id": 470,
							"name": "MySQL",
							"durationInMonths": 32
					}
			]
	}
}
